python train.py --epochs 300
--- Training miap_max_ranking_L3_H129 on cuda ---
Loading dataset_train into memory...
100%|███████████████████████████████████████████████████████████████████████████████████████████████████████████████████████████████████████████████████████████████████████████████████████████████| 4427/4427 [00:06<00:00, 642.59it/s]
Loading dataset_val into memory...
100%|█████████████████████████████████████████████████████████████████████████████████████████████████████████████████████████████████████████████████████████████████████████████████████████████████| 886/886 [00:01<00:00, 832.15it/s]
/home/schterben/miniconda3/envs/miap_gasse/lib/python3.10/site-packages/torch_geometric/utils/_scatter.py:91: UserWarning: The usage of `scatter(reduce='max')` can be accelerated via the 'torch-scatter' package, but it was not found
  warnings.warn(
Ep 01 | T_Loss: 0.0864 T_Acc@1: 0.0674 T_Acc@5: 0.3390 | V_Loss: 0.0735 V_Acc@1: 0.1044 V_Acc@5: 0.4499 | LR: 1.0e-03
Ep 02 | T_Loss: 0.0763 T_Acc@1: 0.0970 T_Acc@5: 0.4155 | V_Loss: 0.0703 V_Acc@1: 0.1044 V_Acc@5: 0.4881 | LR: 1.0e-03
Ep 03 | T_Loss: 0.0707 T_Acc@1: 0.1068 T_Acc@5: 0.4586 | V_Loss: 0.0680 V_Acc@1: 0.1214 V_Acc@5: 0.4830 | LR: 1.0e-03
Ep 04 | T_Loss: 0.0697 T_Acc@1: 0.1085 T_Acc@5: 0.4626 | V_Loss: 0.0667 V_Acc@1: 0.1126 V_Acc@5: 0.4950 | LR: 1.0e-03
Ep 05 | T_Loss: 0.0688 T_Acc@1: 0.1158 T_Acc@5: 0.4654 | V_Loss: 0.0672 V_Acc@1: 0.1209 V_Acc@5: 0.4941 | LR: 1.0e-03
Ep 06 | T_Loss: 0.0688 T_Acc@1: 0.1141 T_Acc@5: 0.4733 | V_Loss: 0.0662 V_Acc@1: 0.1198 V_Acc@5: 0.4919 | LR: 1.0e-03
Ep 07 | T_Loss: 0.0681 T_Acc@1: 0.1166 T_Acc@5: 0.4796 | V_Loss: 0.0660 V_Acc@1: 0.1133 V_Acc@5: 0.5040 | LR: 1.0e-03
Ep 08 | T_Loss: 0.0681 T_Acc@1: 0.1093 T_Acc@5: 0.4761 | V_Loss: 0.0658 V_Acc@1: 0.1234 V_Acc@5: 0.4957 | LR: 1.0e-03
Ep 09 | T_Loss: 0.0684 T_Acc@1: 0.1095 T_Acc@5: 0.4797 | V_Loss: 0.0656 V_Acc@1: 0.1212 V_Acc@5: 0.5017 | LR: 1.0e-03
Ep 10 | T_Loss: 0.0680 T_Acc@1: 0.1182 T_Acc@5: 0.4822 | V_Loss: 0.0681 V_Acc@1: 0.1082 V_Acc@5: 0.4705 | LR: 1.0e-03
Ep 11 | T_Loss: 0.0673 T_Acc@1: 0.1215 T_Acc@5: 0.4802 | V_Loss: 0.0665 V_Acc@1: 0.1055 V_Acc@5: 0.4916 | LR: 1.0e-03
Ep 12 | T_Loss: 0.0681 T_Acc@1: 0.1191 T_Acc@5: 0.4766 | V_Loss: 0.0658 V_Acc@1: 0.1283 V_Acc@5: 0.5035 | LR: 1.0e-03
Ep 13 | T_Loss: 0.0677 T_Acc@1: 0.1156 T_Acc@5: 0.4797 | V_Loss: 0.0667 V_Acc@1: 0.1209 V_Acc@5: 0.4988 | LR: 1.0e-03
Ep 14 | T_Loss: 0.0674 T_Acc@1: 0.1113 T_Acc@5: 0.4886 | V_Loss: 0.0649 V_Acc@1: 0.1064 V_Acc@5: 0.4931 | LR: 1.0e-03
Ep 15 | T_Loss: 0.0674 T_Acc@1: 0.1129 T_Acc@5: 0.4822 | V_Loss: 0.0676 V_Acc@1: 0.1271 V_Acc@5: 0.4823 | LR: 1.0e-03
Ep 16 | T_Loss: 0.0669 T_Acc@1: 0.1146 T_Acc@5: 0.4861 | V_Loss: 0.0649 V_Acc@1: 0.1189 V_Acc@5: 0.5013 | LR: 1.0e-03
Ep 17 | T_Loss: 0.0669 T_Acc@1: 0.1171 T_Acc@5: 0.4915 | V_Loss: 0.0648 V_Acc@1: 0.1169 V_Acc@5: 0.5026 | LR: 1.0e-03
Ep 18 | T_Loss: 0.0670 T_Acc@1: 0.1176 T_Acc@5: 0.4886 | V_Loss: 0.0645 V_Acc@1: 0.1089 V_Acc@5: 0.4959 | LR: 1.0e-03
Ep 19 | T_Loss: 0.0668 T_Acc@1: 0.1162 T_Acc@5: 0.4852 | V_Loss: 0.0658 V_Acc@1: 0.1189 V_Acc@5: 0.5052 | LR: 1.0e-03
Ep 20 | T_Loss: 0.0671 T_Acc@1: 0.1118 T_Acc@5: 0.4954 | V_Loss: 0.0651 V_Acc@1: 0.1247 V_Acc@5: 0.5038 | LR: 1.0e-03
Ep 21 | T_Loss: 0.0664 T_Acc@1: 0.1150 T_Acc@5: 0.4970 | V_Loss: 0.0648 V_Acc@1: 0.1111 V_Acc@5: 0.5026 | LR: 1.0e-03
Ep 22 | T_Loss: 0.0667 T_Acc@1: 0.1167 T_Acc@5: 0.4837 | V_Loss: 0.0668 V_Acc@1: 0.1169 V_Acc@5: 0.4924 | LR: 1.0e-03
Ep 23 | T_Loss: 0.0665 T_Acc@1: 0.1238 T_Acc@5: 0.4988 | V_Loss: 0.0647 V_Acc@1: 0.1180 V_Acc@5: 0.5026 | LR: 1.0e-03
Ep 24 | T_Loss: 0.0668 T_Acc@1: 0.1176 T_Acc@5: 0.4873 | V_Loss: 0.0647 V_Acc@1: 0.1156 V_Acc@5: 0.4982 | LR: 1.0e-03
Ep 25 | T_Loss: 0.0660 T_Acc@1: 0.1187 T_Acc@5: 0.4906 | V_Loss: 0.0650 V_Acc@1: 0.1113 V_Acc@5: 0.5006 | LR: 1.0e-03
Ep 26 | T_Loss: 0.0662 T_Acc@1: 0.1193 T_Acc@5: 0.4969 | V_Loss: 0.0652 V_Acc@1: 0.1143 V_Acc@5: 0.4920 | LR: 1.0e-03
Ep 27 | T_Loss: 0.0665 T_Acc@1: 0.1141 T_Acc@5: 0.4902 | V_Loss: 0.0652 V_Acc@1: 0.1191 V_Acc@5: 0.4982 | LR: 1.0e-03
Ep 28 | T_Loss: 0.0661 T_Acc@1: 0.1213 T_Acc@5: 0.4862 | V_Loss: 0.0644 V_Acc@1: 0.1100 V_Acc@5: 0.5045 | LR: 1.0e-03
Ep 29 | T_Loss: 0.0661 T_Acc@1: 0.1172 T_Acc@5: 0.5003 | V_Loss: 0.0648 V_Acc@1: 0.1115 V_Acc@5: 0.4969 | LR: 1.0e-03
Ep 30 | T_Loss: 0.0663 T_Acc@1: 0.1214 T_Acc@5: 0.4949 | V_Loss: 0.0647 V_Acc@1: 0.1135 V_Acc@5: 0.4877 | LR: 1.0e-03
Ep 31 | T_Loss: 0.0664 T_Acc@1: 0.1202 T_Acc@5: 0.4902 | V_Loss: 0.0659 V_Acc@1: 0.1140 V_Acc@5: 0.4985 | LR: 1.0e-03
Ep 32 | T_Loss: 0.0658 T_Acc@1: 0.1194 T_Acc@5: 0.4995 | V_Loss: 0.0649 V_Acc@1: 0.1193 V_Acc@5: 0.5026 | LR: 1.0e-03
Ep 33 | T_Loss: 0.0657 T_Acc@1: 0.1198 T_Acc@5: 0.4958 | V_Loss: 0.0645 V_Acc@1: 0.1207 V_Acc@5: 0.5045 | LR: 1.0e-03
Ep 34 | T_Loss: 0.0660 T_Acc@1: 0.1214 T_Acc@5: 0.4964 | V_Loss: 0.0654 V_Acc@1: 0.1171 V_Acc@5: 0.5031 | LR: 1.0e-03
Ep 35 | T_Loss: 0.0654 T_Acc@1: 0.1242 T_Acc@5: 0.4973 | V_Loss: 0.0644 V_Acc@1: 0.1091 V_Acc@5: 0.5040 | LR: 1.0e-03
Ep 36 | T_Loss: 0.0652 T_Acc@1: 0.1233 T_Acc@5: 0.4989 | V_Loss: 0.0644 V_Acc@1: 0.1180 V_Acc@5: 0.5107 | LR: 1.0e-03
Ep 37 | T_Loss: 0.0653 T_Acc@1: 0.1185 T_Acc@5: 0.5087 | V_Loss: 0.0666 V_Acc@1: 0.1162 V_Acc@5: 0.4794 | LR: 1.0e-03
Ep 38 | T_Loss: 0.0650 T_Acc@1: 0.1250 T_Acc@5: 0.5066 | V_Loss: 0.0651 V_Acc@1: 0.1193 V_Acc@5: 0.4922 | LR: 1.0e-03
Ep 39 | T_Loss: 0.0655 T_Acc@1: 0.1226 T_Acc@5: 0.4994 | V_Loss: 0.0648 V_Acc@1: 0.1182 V_Acc@5: 0.5004 | LR: 1.0e-03
Ep 40 | T_Loss: 0.0647 T_Acc@1: 0.1239 T_Acc@5: 0.5050 | V_Loss: 0.0651 V_Acc@1: 0.1189 V_Acc@5: 0.4993 | LR: 1.0e-03
Ep 41 | T_Loss: 0.0654 T_Acc@1: 0.1205 T_Acc@5: 0.4998 | V_Loss: 0.0642 V_Acc@1: 0.1283 V_Acc@5: 0.5149 | LR: 1.0e-03
Ep 42 | T_Loss: 0.0653 T_Acc@1: 0.1220 T_Acc@5: 0.5051 | V_Loss: 0.0636 V_Acc@1: 0.1445 V_Acc@5: 0.5136 | LR: 1.0e-03
Ep 43 | T_Loss: 0.0644 T_Acc@1: 0.1283 T_Acc@5: 0.5066 | V_Loss: 0.0640 V_Acc@1: 0.1296 V_Acc@5: 0.5231 | LR: 1.0e-03
Ep 44 | T_Loss: 0.0648 T_Acc@1: 0.1314 T_Acc@5: 0.5047 | V_Loss: 0.0649 V_Acc@1: 0.1153 V_Acc@5: 0.4937 | LR: 1.0e-03
Ep 45 | T_Loss: 0.0649 T_Acc@1: 0.1238 T_Acc@5: 0.5081 | V_Loss: 0.0652 V_Acc@1: 0.1200 V_Acc@5: 0.4942 | LR: 1.0e-03
Ep 46 | T_Loss: 0.0649 T_Acc@1: 0.1256 T_Acc@5: 0.5040 | V_Loss: 0.0646 V_Acc@1: 0.1253 V_Acc@5: 0.4966 | LR: 1.0e-03
Ep 47 | T_Loss: 0.0643 T_Acc@1: 0.1300 T_Acc@5: 0.5098 | V_Loss: 0.0644 V_Acc@1: 0.1454 V_Acc@5: 0.5038 | LR: 1.0e-03
Ep 48 | T_Loss: 0.0643 T_Acc@1: 0.1230 T_Acc@5: 0.5154 | V_Loss: 0.0638 V_Acc@1: 0.1305 V_Acc@5: 0.5138 | LR: 1.0e-03
Ep 49 | T_Loss: 0.0639 T_Acc@1: 0.1280 T_Acc@5: 0.5152 | V_Loss: 0.0641 V_Acc@1: 0.1264 V_Acc@5: 0.4937 | LR: 1.0e-03
Ep 50 | T_Loss: 0.0637 T_Acc@1: 0.1294 T_Acc@5: 0.5148 | V_Loss: 0.0644 V_Acc@1: 0.1269 V_Acc@5: 0.5045 | LR: 1.0e-03
Ep 51 | T_Loss: 0.0640 T_Acc@1: 0.1259 T_Acc@5: 0.5132 | V_Loss: 0.0661 V_Acc@1: 0.1104 V_Acc@5: 0.4656 | LR: 1.0e-03
Ep 52 | T_Loss: 0.0641 T_Acc@1: 0.1277 T_Acc@5: 0.5136 | V_Loss: 0.0649 V_Acc@1: 0.1195 V_Acc@5: 0.4940 | LR: 1.0e-03
Ep 53 | T_Loss: 0.0636 T_Acc@1: 0.1290 T_Acc@5: 0.5117 | V_Loss: 0.0634 V_Acc@1: 0.1264 V_Acc@5: 0.5080 | LR: 1.0e-03
Ep 54 | T_Loss: 0.0636 T_Acc@1: 0.1275 T_Acc@5: 0.5183 | V_Loss: 0.0633 V_Acc@1: 0.1262 V_Acc@5: 0.5160 | LR: 1.0e-03
Ep 55 | T_Loss: 0.0633 T_Acc@1: 0.1409 T_Acc@5: 0.5158 | V_Loss: 0.0629 V_Acc@1: 0.1309 V_Acc@5: 0.5112 | LR: 1.0e-03
Ep 56 | T_Loss: 0.0632 T_Acc@1: 0.1335 T_Acc@5: 0.5191 | V_Loss: 0.0660 V_Acc@1: 0.1238 V_Acc@5: 0.5080 | LR: 1.0e-03
Ep 57 | T_Loss: 0.0639 T_Acc@1: 0.1277 T_Acc@5: 0.5129 | V_Loss: 0.0646 V_Acc@1: 0.1233 V_Acc@5: 0.5024 | LR: 1.0e-03
Ep 58 | T_Loss: 0.0631 T_Acc@1: 0.1311 T_Acc@5: 0.5203 | V_Loss: 0.0632 V_Acc@1: 0.1307 V_Acc@5: 0.5051 | LR: 1.0e-03
Ep 59 | T_Loss: 0.0631 T_Acc@1: 0.1270 T_Acc@5: 0.5239 | V_Loss: 0.0630 V_Acc@1: 0.1318 V_Acc@5: 0.5073 | LR: 1.0e-03
Ep 60 | T_Loss: 0.0632 T_Acc@1: 0.1306 T_Acc@5: 0.5239 | V_Loss: 0.0629 V_Acc@1: 0.1345 V_Acc@5: 0.5241 | LR: 1.0e-03
Ep 61 | T_Loss: 0.0626 T_Acc@1: 0.1348 T_Acc@5: 0.5226 | V_Loss: 0.0636 V_Acc@1: 0.1465 V_Acc@5: 0.5103 | LR: 1.0e-03
Ep 62 | T_Loss: 0.0626 T_Acc@1: 0.1335 T_Acc@5: 0.5225 | V_Loss: 0.0658 V_Acc@1: 0.1264 V_Acc@5: 0.4844 | LR: 1.0e-03
Ep 63 | T_Loss: 0.0623 T_Acc@1: 0.1372 T_Acc@5: 0.5264 | V_Loss: 0.0639 V_Acc@1: 0.1327 V_Acc@5: 0.5125 | LR: 1.0e-03
Ep 64 | T_Loss: 0.0623 T_Acc@1: 0.1368 T_Acc@5: 0.5286 | V_Loss: 0.0634 V_Acc@1: 0.1242 V_Acc@5: 0.4957 | LR: 1.0e-03
Ep 65 | T_Loss: 0.0620 T_Acc@1: 0.1368 T_Acc@5: 0.5315 | V_Loss: 0.0631 V_Acc@1: 0.1244 V_Acc@5: 0.5229 | LR: 1.0e-03
Ep 66 | T_Loss: 0.0616 T_Acc@1: 0.1488 T_Acc@5: 0.5345 | V_Loss: 0.0628 V_Acc@1: 0.1378 V_Acc@5: 0.5239 | LR: 1.0e-03
Ep 67 | T_Loss: 0.0616 T_Acc@1: 0.1357 T_Acc@5: 0.5304 | V_Loss: 0.0640 V_Acc@1: 0.1380 V_Acc@5: 0.5142 | LR: 1.0e-03
Ep 68 | T_Loss: 0.0613 T_Acc@1: 0.1434 T_Acc@5: 0.5299 | V_Loss: 0.0635 V_Acc@1: 0.1333 V_Acc@5: 0.5112 | LR: 1.0e-03
Ep 69 | T_Loss: 0.0611 T_Acc@1: 0.1399 T_Acc@5: 0.5379 | V_Loss: 0.0629 V_Acc@1: 0.1326 V_Acc@5: 0.5234 | LR: 1.0e-03
Ep 70 | T_Loss: 0.0608 T_Acc@1: 0.1470 T_Acc@5: 0.5386 | V_Loss: 0.0627 V_Acc@1: 0.1229 V_Acc@5: 0.5207 | LR: 1.0e-03
Ep 71 | T_Loss: 0.0610 T_Acc@1: 0.1411 T_Acc@5: 0.5411 | V_Loss: 0.0626 V_Acc@1: 0.1384 V_Acc@5: 0.5225 | LR: 1.0e-03
Ep 72 | T_Loss: 0.0610 T_Acc@1: 0.1508 T_Acc@5: 0.5373 | V_Loss: 0.0642 V_Acc@1: 0.1255 V_Acc@5: 0.5029 | LR: 1.0e-03
Ep 73 | T_Loss: 0.0608 T_Acc@1: 0.1411 T_Acc@5: 0.5375 | V_Loss: 0.0641 V_Acc@1: 0.1298 V_Acc@5: 0.5038 | LR: 1.0e-03
Ep 74 | T_Loss: 0.0602 T_Acc@1: 0.1487 T_Acc@5: 0.5461 | V_Loss: 0.0625 V_Acc@1: 0.1307 V_Acc@5: 0.5214 | LR: 1.0e-03
Ep 75 | T_Loss: 0.0597 T_Acc@1: 0.1471 T_Acc@5: 0.5411 | V_Loss: 0.0637 V_Acc@1: 0.1267 V_Acc@5: 0.5140 | LR: 1.0e-03
Ep 76 | T_Loss: 0.0603 T_Acc@1: 0.1430 T_Acc@5: 0.5411 | V_Loss: 0.0626 V_Acc@1: 0.1324 V_Acc@5: 0.5201 | LR: 1.0e-03
Ep 77 | T_Loss: 0.0595 T_Acc@1: 0.1494 T_Acc@5: 0.5517 | V_Loss: 0.0640 V_Acc@1: 0.1309 V_Acc@5: 0.4987 | LR: 1.0e-03
Ep 78 | T_Loss: 0.0602 T_Acc@1: 0.1401 T_Acc@5: 0.5415 | V_Loss: 0.0624 V_Acc@1: 0.1233 V_Acc@5: 0.5317 | LR: 1.0e-03
Ep 79 | T_Loss: 0.0592 T_Acc@1: 0.1588 T_Acc@5: 0.5486 | V_Loss: 0.0628 V_Acc@1: 0.1296 V_Acc@5: 0.5218 | LR: 1.0e-03
Ep 80 | T_Loss: 0.0582 T_Acc@1: 0.1557 T_Acc@5: 0.5541 | V_Loss: 0.0630 V_Acc@1: 0.1280 V_Acc@5: 0.5259 | LR: 1.0e-03
Ep 81 | T_Loss: 0.0587 T_Acc@1: 0.1482 T_Acc@5: 0.5518 | V_Loss: 0.0626 V_Acc@1: 0.1240 V_Acc@5: 0.5283 | LR: 1.0e-03
Ep 82 | T_Loss: 0.0585 T_Acc@1: 0.1525 T_Acc@5: 0.5609 | V_Loss: 0.0641 V_Acc@1: 0.1289 V_Acc@5: 0.5145 | LR: 1.0e-03
Ep 83 | T_Loss: 0.0580 T_Acc@1: 0.1649 T_Acc@5: 0.5617 | V_Loss: 0.0636 V_Acc@1: 0.1361 V_Acc@5: 0.5149 | LR: 1.0e-03
Ep 84 | T_Loss: 0.0584 T_Acc@1: 0.1544 T_Acc@5: 0.5489 | V_Loss: 0.0630 V_Acc@1: 0.1400 V_Acc@5: 0.5239 | LR: 1.0e-03
Ep 85 | T_Loss: 0.0577 T_Acc@1: 0.1581 T_Acc@5: 0.5631 | V_Loss: 0.0636 V_Acc@1: 0.1519 V_Acc@5: 0.5248 | LR: 1.0e-03
Ep 86 | T_Loss: 0.0575 T_Acc@1: 0.1562 T_Acc@5: 0.5658 | V_Loss: 0.0636 V_Acc@1: 0.1314 V_Acc@5: 0.5230 | LR: 1.0e-03
Ep 87 | T_Loss: 0.0579 T_Acc@1: 0.1511 T_Acc@5: 0.5595 | V_Loss: 0.0639 V_Acc@1: 0.1350 V_Acc@5: 0.5003 | LR: 1.0e-03
Ep 88 | T_Loss: 0.0565 T_Acc@1: 0.1630 T_Acc@5: 0.5745 | V_Loss: 0.0618 V_Acc@1: 0.1361 V_Acc@5: 0.5388 | LR: 1.0e-03
Ep 89 | T_Loss: 0.0565 T_Acc@1: 0.1609 T_Acc@5: 0.5730 | V_Loss: 0.0632 V_Acc@1: 0.1321 V_Acc@5: 0.5303 | LR: 1.0e-03
Ep 90 | T_Loss: 0.0559 T_Acc@1: 0.1626 T_Acc@5: 0.5758 | V_Loss: 0.0620 V_Acc@1: 0.1350 V_Acc@5: 0.5337 | LR: 1.0e-03
Ep 91 | T_Loss: 0.0557 T_Acc@1: 0.1702 T_Acc@5: 0.5811 | V_Loss: 0.0633 V_Acc@1: 0.1281 V_Acc@5: 0.5243 | LR: 1.0e-03
Ep 92 | T_Loss: 0.0557 T_Acc@1: 0.1603 T_Acc@5: 0.5735 | V_Loss: 0.0631 V_Acc@1: 0.1336 V_Acc@5: 0.5232 | LR: 1.0e-03
Ep 93 | T_Loss: 0.0553 T_Acc@1: 0.1701 T_Acc@5: 0.5860 | V_Loss: 0.0641 V_Acc@1: 0.1385 V_Acc@5: 0.5252 | LR: 1.0e-03
Ep 94 | T_Loss: 0.0553 T_Acc@1: 0.1651 T_Acc@5: 0.5765 | V_Loss: 0.0634 V_Acc@1: 0.1343 V_Acc@5: 0.5009 | LR: 1.0e-03
Ep 95 | T_Loss: 0.0547 T_Acc@1: 0.1673 T_Acc@5: 0.5859 | V_Loss: 0.0647 V_Acc@1: 0.1271 V_Acc@5: 0.5346 | LR: 1.0e-03
Ep 96 | T_Loss: 0.0542 T_Acc@1: 0.1685 T_Acc@5: 0.5925 | V_Loss: 0.0629 V_Acc@1: 0.1307 V_Acc@5: 0.5323 | LR: 1.0e-03
Ep 97 | T_Loss: 0.0541 T_Acc@1: 0.1663 T_Acc@5: 0.5867 | V_Loss: 0.0655 V_Acc@1: 0.1352 V_Acc@5: 0.5263 | LR: 1.0e-03
Ep 98 | T_Loss: 0.0535 T_Acc@1: 0.1779 T_Acc@5: 0.6026 | V_Loss: 0.0675 V_Acc@1: 0.1303 V_Acc@5: 0.5264 | LR: 1.0e-03
Ep 99 | T_Loss: 0.0534 T_Acc@1: 0.1785 T_Acc@5: 0.5929 | V_Loss: 0.0646 V_Acc@1: 0.1249 V_Acc@5: 0.5402 | LR: 1.0e-03
Ep 100 | T_Loss: 0.0526 T_Acc@1: 0.1772 T_Acc@5: 0.6057 | V_Loss: 0.0645 V_Acc@1: 0.1405 V_Acc@5: 0.5409 | LR: 1.0e-03
Ep 101 | T_Loss: 0.0529 T_Acc@1: 0.1778 T_Acc@5: 0.5978 | V_Loss: 0.0644 V_Acc@1: 0.1352 V_Acc@5: 0.5243 | LR: 1.0e-03
Ep 102 | T_Loss: 0.0520 T_Acc@1: 0.1875 T_Acc@5: 0.6019 | V_Loss: 0.0659 V_Acc@1: 0.1320 V_Acc@5: 0.5297 | LR: 1.0e-03
Ep 103 | T_Loss: 0.0521 T_Acc@1: 0.1871 T_Acc@5: 0.6027 | V_Loss: 0.0651 V_Acc@1: 0.1555 V_Acc@5: 0.5229 | LR: 1.0e-03
Ep 104 | T_Loss: 0.0516 T_Acc@1: 0.1792 T_Acc@5: 0.6057 | V_Loss: 0.0635 V_Acc@1: 0.1320 V_Acc@5: 0.5413 | LR: 1.0e-03
Ep 105 | T_Loss: 0.0510 T_Acc@1: 0.1832 T_Acc@5: 0.6102 | V_Loss: 0.0661 V_Acc@1: 0.1419 V_Acc@5: 0.5337 | LR: 1.0e-03
Ep 106 | T_Loss: 0.0500 T_Acc@1: 0.1861 T_Acc@5: 0.6207 | V_Loss: 0.0639 V_Acc@1: 0.1417 V_Acc@5: 0.5549 | LR: 1.0e-03
Ep 107 | T_Loss: 0.0496 T_Acc@1: 0.1901 T_Acc@5: 0.6278 | V_Loss: 0.0620 V_Acc@1: 0.1361 V_Acc@5: 0.5404 | LR: 1.0e-03
Ep 108 | T_Loss: 0.0498 T_Acc@1: 0.1989 T_Acc@5: 0.6179 | V_Loss: 0.0651 V_Acc@1: 0.1430 V_Acc@5: 0.5510 | LR: 1.0e-03
Ep 109 | T_Loss: 0.0487 T_Acc@1: 0.1990 T_Acc@5: 0.6349 | V_Loss: 0.0679 V_Acc@1: 0.1456 V_Acc@5: 0.5352 | LR: 1.0e-03
Ep 110 | T_Loss: 0.0481 T_Acc@1: 0.2131 T_Acc@5: 0.6316 | V_Loss: 0.0664 V_Acc@1: 0.1370 V_Acc@5: 0.5248 | LR: 1.0e-03
Ep 111 | T_Loss: 0.0488 T_Acc@1: 0.1968 T_Acc@5: 0.6293 | V_Loss: 0.0669 V_Acc@1: 0.1551 V_Acc@5: 0.5363 | LR: 1.0e-03
Ep 112 | T_Loss: 0.0480 T_Acc@1: 0.2024 T_Acc@5: 0.6381 | V_Loss: 0.0663 V_Acc@1: 0.1325 V_Acc@5: 0.5100 | LR: 1.0e-03
Ep 113 | T_Loss: 0.0477 T_Acc@1: 0.2052 T_Acc@5: 0.6443 | V_Loss: 0.0673 V_Acc@1: 0.1444 V_Acc@5: 0.5286 | LR: 1.0e-03
Ep 114 | T_Loss: 0.0466 T_Acc@1: 0.2106 T_Acc@5: 0.6495 | V_Loss: 0.0658 V_Acc@1: 0.1394 V_Acc@5: 0.5518 | LR: 1.0e-03
Ep 115 | T_Loss: 0.0467 T_Acc@1: 0.2033 T_Acc@5: 0.6448 | V_Loss: 0.0680 V_Acc@1: 0.1517 V_Acc@5: 0.5303 | LR: 1.0e-03
Ep 116 | T_Loss: 0.0467 T_Acc@1: 0.2010 T_Acc@5: 0.6509 | V_Loss: 0.0681 V_Acc@1: 0.1488 V_Acc@5: 0.5359 | LR: 1.0e-03
Ep 117 | T_Loss: 0.0454 T_Acc@1: 0.2149 T_Acc@5: 0.6543 | V_Loss: 0.0651 V_Acc@1: 0.1329 V_Acc@5: 0.5319 | LR: 1.0e-03
Ep 118 | T_Loss: 0.0453 T_Acc@1: 0.2188 T_Acc@5: 0.6614 | V_Loss: 0.0673 V_Acc@1: 0.1474 V_Acc@5: 0.5203 | LR: 1.0e-03
Ep 119 | T_Loss: 0.0442 T_Acc@1: 0.2190 T_Acc@5: 0.6676 | V_Loss: 0.0673 V_Acc@1: 0.1519 V_Acc@5: 0.5506 | LR: 1.0e-03
Ep 120 | T_Loss: 0.0444 T_Acc@1: 0.2205 T_Acc@5: 0.6654 | V_Loss: 0.0667 V_Acc@1: 0.1562 V_Acc@5: 0.5248 | LR: 1.0e-03
Ep 121 | T_Loss: 0.0423 T_Acc@1: 0.2312 T_Acc@5: 0.6872 | V_Loss: 0.0672 V_Acc@1: 0.1515 V_Acc@5: 0.5389 | LR: 1.0e-03
Ep 122 | T_Loss: 0.0427 T_Acc@1: 0.2278 T_Acc@5: 0.6899 | V_Loss: 0.0673 V_Acc@1: 0.1394 V_Acc@5: 0.5408 | LR: 1.0e-03
Ep 123 | T_Loss: 0.0429 T_Acc@1: 0.2227 T_Acc@5: 0.6736 | V_Loss: 0.0712 V_Acc@1: 0.1459 V_Acc@5: 0.5317 | LR: 1.0e-03
Ep 124 | T_Loss: 0.0418 T_Acc@1: 0.2389 T_Acc@5: 0.6873 | V_Loss: 0.0708 V_Acc@1: 0.1320 V_Acc@5: 0.5324 | LR: 1.0e-03
Ep 125 | T_Loss: 0.0412 T_Acc@1: 0.2285 T_Acc@5: 0.6897 | V_Loss: 0.0704 V_Acc@1: 0.1465 V_Acc@5: 0.5297 | LR: 1.0e-03
Ep 126 | T_Loss: 0.0404 T_Acc@1: 0.2470 T_Acc@5: 0.7045 | V_Loss: 0.0720 V_Acc@1: 0.1479 V_Acc@5: 0.5148 | LR: 1.0e-03
Ep 127 | T_Loss: 0.0410 T_Acc@1: 0.2362 T_Acc@5: 0.6906 | V_Loss: 0.0696 V_Acc@1: 0.1385 V_Acc@5: 0.5393 | LR: 1.0e-03
Ep 128 | T_Loss: 0.0411 T_Acc@1: 0.2327 T_Acc@5: 0.6968 | V_Loss: 0.0683 V_Acc@1: 0.1541 V_Acc@5: 0.5484 | LR: 1.0e-03
Ep 129 | T_Loss: 0.0397 T_Acc@1: 0.2462 T_Acc@5: 0.7078 | V_Loss: 0.0746 V_Acc@1: 0.1428 V_Acc@5: 0.5253 | LR: 1.0e-03
Ep 130 | T_Loss: 0.0407 T_Acc@1: 0.2466 T_Acc@5: 0.7026 | V_Loss: 0.0710 V_Acc@1: 0.1448 V_Acc@5: 0.5299 | LR: 1.0e-03
Ep 131 | T_Loss: 0.0382 T_Acc@1: 0.2558 T_Acc@5: 0.7138 | V_Loss: 0.0715 V_Acc@1: 0.1461 V_Acc@5: 0.5281 | LR: 1.0e-03
Ep 132 | T_Loss: 0.0379 T_Acc@1: 0.2681 T_Acc@5: 0.7237 | V_Loss: 0.0660 V_Acc@1: 0.1575 V_Acc@5: 0.5482 | LR: 1.0e-03
Ep 133 | T_Loss: 0.0368 T_Acc@1: 0.2587 T_Acc@5: 0.7406 | V_Loss: 0.0715 V_Acc@1: 0.1537 V_Acc@5: 0.5366 | LR: 1.0e-03
Ep 134 | T_Loss: 0.0368 T_Acc@1: 0.2751 T_Acc@5: 0.7270 | V_Loss: 0.0763 V_Acc@1: 0.1428 V_Acc@5: 0.5237 | LR: 1.0e-03
Ep 135 | T_Loss: 0.0363 T_Acc@1: 0.2729 T_Acc@5: 0.7412 | V_Loss: 0.0713 V_Acc@1: 0.1405 V_Acc@5: 0.5365 | LR: 1.0e-03
Ep 136 | T_Loss: 0.0352 T_Acc@1: 0.2779 T_Acc@5: 0.7438 | V_Loss: 0.0704 V_Acc@1: 0.1592 V_Acc@5: 0.5328 | LR: 1.0e-03
Ep 137 | T_Loss: 0.0356 T_Acc@1: 0.2839 T_Acc@5: 0.7397 | V_Loss: 0.0754 V_Acc@1: 0.1469 V_Acc@5: 0.5070 | LR: 1.0e-03
Ep 138 | T_Loss: 0.0352 T_Acc@1: 0.2797 T_Acc@5: 0.7420 | V_Loss: 0.0707 V_Acc@1: 0.1405 V_Acc@5: 0.5573 | LR: 1.0e-03
Ep 139 | T_Loss: 0.0339 T_Acc@1: 0.2906 T_Acc@5: 0.7540 | V_Loss: 0.0733 V_Acc@1: 0.1601 V_Acc@5: 0.5337 | LR: 1.0e-03
Ep 140 | T_Loss: 0.0340 T_Acc@1: 0.2852 T_Acc@5: 0.7524 | V_Loss: 0.0734 V_Acc@1: 0.1582 V_Acc@5: 0.5384 | LR: 1.0e-03
Ep 141 | T_Loss: 0.0336 T_Acc@1: 0.2925 T_Acc@5: 0.7646 | V_Loss: 0.0750 V_Acc@1: 0.1465 V_Acc@5: 0.5304 | LR: 1.0e-03
Ep 142 | T_Loss: 0.0341 T_Acc@1: 0.2951 T_Acc@5: 0.7504 | V_Loss: 0.0744 V_Acc@1: 0.1380 V_Acc@5: 0.5190 | LR: 1.0e-03
Ep 143 | T_Loss: 0.0332 T_Acc@1: 0.2897 T_Acc@5: 0.7593 | V_Loss: 0.0774 V_Acc@1: 0.1483 V_Acc@5: 0.5223 | LR: 1.0e-03
Ep 144 | T_Loss: 0.0311 T_Acc@1: 0.3103 T_Acc@5: 0.7773 | V_Loss: 0.0784 V_Acc@1: 0.1588 V_Acc@5: 0.5192 | LR: 1.0e-03
Ep 145 | T_Loss: 0.0324 T_Acc@1: 0.2999 T_Acc@5: 0.7779 | V_Loss: 0.0774 V_Acc@1: 0.1510 V_Acc@5: 0.5357 | LR: 1.0e-03
Ep 146 | T_Loss: 0.0311 T_Acc@1: 0.3115 T_Acc@5: 0.7774 | V_Loss: 0.0808 V_Acc@1: 0.1484 V_Acc@5: 0.5227 | LR: 1.0e-03
Ep 147 | T_Loss: 0.0313 T_Acc@1: 0.3134 T_Acc@5: 0.7784 | V_Loss: 0.0776 V_Acc@1: 0.1441 V_Acc@5: 0.5273 | LR: 1.0e-03
Ep 148 | T_Loss: 0.0305 T_Acc@1: 0.3177 T_Acc@5: 0.7916 | V_Loss: 0.0760 V_Acc@1: 0.1523 V_Acc@5: 0.5292 | LR: 1.0e-03
Ep 149 | T_Loss: 0.0300 T_Acc@1: 0.3182 T_Acc@5: 0.7896 | V_Loss: 0.0767 V_Acc@1: 0.1456 V_Acc@5: 0.5134 | LR: 1.0e-03
Ep 150 | T_Loss: 0.0291 T_Acc@1: 0.3327 T_Acc@5: 0.8061 | V_Loss: 0.0737 V_Acc@1: 0.1486 V_Acc@5: 0.5312 | LR: 1.0e-03
Ep 151 | T_Loss: 0.0291 T_Acc@1: 0.3263 T_Acc@5: 0.7972 | V_Loss: 0.0764 V_Acc@1: 0.1434 V_Acc@5: 0.5322 | LR: 1.0e-03
Ep 152 | T_Loss: 0.0281 T_Acc@1: 0.3325 T_Acc@5: 0.8048 | V_Loss: 0.0785 V_Acc@1: 0.1423 V_Acc@5: 0.5255 | LR: 1.0e-03
Ep 153 | T_Loss: 0.0277 T_Acc@1: 0.3433 T_Acc@5: 0.8116 | V_Loss: 0.0782 V_Acc@1: 0.1365 V_Acc@5: 0.5199 | LR: 1.0e-03
Ep 154 | T_Loss: 0.0290 T_Acc@1: 0.3320 T_Acc@5: 0.8015 | V_Loss: 0.0745 V_Acc@1: 0.1592 V_Acc@5: 0.5446 | LR: 1.0e-03
Ep 155 | T_Loss: 0.0268 T_Acc@1: 0.3532 T_Acc@5: 0.8199 | V_Loss: 0.0751 V_Acc@1: 0.1486 V_Acc@5: 0.5290 | LR: 1.0e-03
Ep 156 | T_Loss: 0.0266 T_Acc@1: 0.3541 T_Acc@5: 0.8172 | V_Loss: 0.0799 V_Acc@1: 0.1486 V_Acc@5: 0.5065 | LR: 1.0e-03
Ep 157 | T_Loss: 0.0274 T_Acc@1: 0.3534 T_Acc@5: 0.8149 | V_Loss: 0.0762 V_Acc@1: 0.1412 V_Acc@5: 0.5248 | LR: 1.0e-03
Ep 158 | T_Loss: 0.0261 T_Acc@1: 0.3632 T_Acc@5: 0.8260 | V_Loss: 0.0792 V_Acc@1: 0.1499 V_Acc@5: 0.5177 | LR: 1.0e-03
Ep 159 | T_Loss: 0.0264 T_Acc@1: 0.3617 T_Acc@5: 0.8229 | V_Loss: 0.0797 V_Acc@1: 0.1350 V_Acc@5: 0.5248 | LR: 1.0e-03
Ep 160 | T_Loss: 0.0255 T_Acc@1: 0.3712 T_Acc@5: 0.8306 | V_Loss: 0.0818 V_Acc@1: 0.1441 V_Acc@5: 0.5317 | LR: 1.0e-03
Ep 161 | T_Loss: 0.0242 T_Acc@1: 0.3716 T_Acc@5: 0.8423 | V_Loss: 0.0830 V_Acc@1: 0.1370 V_Acc@5: 0.5295 | LR: 1.0e-03
Ep 162 | T_Loss: 0.0241 T_Acc@1: 0.3829 T_Acc@5: 0.8475 | V_Loss: 0.0816 V_Acc@1: 0.1713 V_Acc@5: 0.5187 | LR: 1.0e-03
Ep 163 | T_Loss: 0.0249 T_Acc@1: 0.3735 T_Acc@5: 0.8420 | V_Loss: 0.0812 V_Acc@1: 0.1622 V_Acc@5: 0.5515 | LR: 1.0e-03
Ep 164 | T_Loss: 0.0237 T_Acc@1: 0.3915 T_Acc@5: 0.8532 | V_Loss: 0.0812 V_Acc@1: 0.1484 V_Acc@5: 0.5241 | LR: 1.0e-03
Ep 165 | T_Loss: 0.0236 T_Acc@1: 0.3856 T_Acc@5: 0.8465 | V_Loss: 0.0766 V_Acc@1: 0.1481 V_Acc@5: 0.5463 | LR: 1.0e-03
Ep 166 | T_Loss: 0.0224 T_Acc@1: 0.3975 T_Acc@5: 0.8600 | V_Loss: 0.0813 V_Acc@1: 0.1555 V_Acc@5: 0.5400 | LR: 1.0e-03
Ep 167 | T_Loss: 0.0225 T_Acc@1: 0.4074 T_Acc@5: 0.8629 | V_Loss: 0.0796 V_Acc@1: 0.1493 V_Acc@5: 0.5386 | LR: 1.0e-03
Ep 168 | T_Loss: 0.0228 T_Acc@1: 0.3903 T_Acc@5: 0.8545 | V_Loss: 0.0798 V_Acc@1: 0.1512 V_Acc@5: 0.5549 | LR: 1.0e-03
Ep 169 | T_Loss: 0.0227 T_Acc@1: 0.3991 T_Acc@5: 0.8617 | V_Loss: 0.0816 V_Acc@1: 0.1624 V_Acc@5: 0.5346 | LR: 1.0e-03
Ep 170 | T_Loss: 0.0225 T_Acc@1: 0.4094 T_Acc@5: 0.8590 | V_Loss: 0.0772 V_Acc@1: 0.1437 V_Acc@5: 0.5509 | LR: 1.0e-03
Ep 171 | T_Loss: 0.0212 T_Acc@1: 0.4167 T_Acc@5: 0.8710 | V_Loss: 0.0852 V_Acc@1: 0.1405 V_Acc@5: 0.5353 | LR: 1.0e-03
Ep 172 | T_Loss: 0.0204 T_Acc@1: 0.4184 T_Acc@5: 0.8826 | V_Loss: 0.0820 V_Acc@1: 0.1530 V_Acc@5: 0.5404 | LR: 1.0e-03
Ep 173 | T_Loss: 0.0211 T_Acc@1: 0.4154 T_Acc@5: 0.8741 | V_Loss: 0.0790 V_Acc@1: 0.1617 V_Acc@5: 0.5451 | LR: 1.0e-03
Ep 174 | T_Loss: 0.0204 T_Acc@1: 0.4189 T_Acc@5: 0.8813 | V_Loss: 0.0887 V_Acc@1: 0.1541 V_Acc@5: 0.5522 | LR: 1.0e-03
Ep 175 | T_Loss: 0.0208 T_Acc@1: 0.4192 T_Acc@5: 0.8797 | V_Loss: 0.0790 V_Acc@1: 0.1595 V_Acc@5: 0.5273 | LR: 1.0e-03
Ep 176 | T_Loss: 0.0200 T_Acc@1: 0.4260 T_Acc@5: 0.8840 | V_Loss: 0.0844 V_Acc@1: 0.1553 V_Acc@5: 0.5267 | LR: 1.0e-03
Ep 177 | T_Loss: 0.0200 T_Acc@1: 0.4319 T_Acc@5: 0.8847 | V_Loss: 0.0827 V_Acc@1: 0.1597 V_Acc@5: 0.5262 | LR: 1.0e-03
Ep 178 | T_Loss: 0.0198 T_Acc@1: 0.4326 T_Acc@5: 0.8842 | V_Loss: 0.0839 V_Acc@1: 0.1517 V_Acc@5: 0.5532 | LR: 1.0e-03
Ep 179 | T_Loss: 0.0190 T_Acc@1: 0.4478 T_Acc@5: 0.8891 | V_Loss: 0.0809 V_Acc@1: 0.1651 V_Acc@5: 0.5462 | LR: 1.0e-03
Ep 180 | T_Loss: 0.0200 T_Acc@1: 0.4364 T_Acc@5: 0.8818 | V_Loss: 0.0796 V_Acc@1: 0.1629 V_Acc@5: 0.5554 | LR: 1.0e-03
Ep 181 | T_Loss: 0.0195 T_Acc@1: 0.4509 T_Acc@5: 0.8883 | V_Loss: 0.0815 V_Acc@1: 0.1811 V_Acc@5: 0.5484 | LR: 1.0e-03
Ep 182 | T_Loss: 0.0183 T_Acc@1: 0.4573 T_Acc@5: 0.9016 | V_Loss: 0.0786 V_Acc@1: 0.1735 V_Acc@5: 0.5448 | LR: 1.0e-03
Ep 183 | T_Loss: 0.0182 T_Acc@1: 0.4611 T_Acc@5: 0.8961 | V_Loss: 0.0820 V_Acc@1: 0.1666 V_Acc@5: 0.5248 | LR: 1.0e-03
Ep 184 | T_Loss: 0.0191 T_Acc@1: 0.4400 T_Acc@5: 0.8909 | V_Loss: 0.0815 V_Acc@1: 0.1620 V_Acc@5: 0.5498 | LR: 1.0e-03
Ep 185 | T_Loss: 0.0179 T_Acc@1: 0.4582 T_Acc@5: 0.9018 | V_Loss: 0.0829 V_Acc@1: 0.1696 V_Acc@5: 0.5430 | LR: 1.0e-03
Ep 186 | T_Loss: 0.0172 T_Acc@1: 0.4734 T_Acc@5: 0.9112 | V_Loss: 0.0834 V_Acc@1: 0.1642 V_Acc@5: 0.5527 | LR: 1.0e-03
Ep 187 | T_Loss: 0.0168 T_Acc@1: 0.4919 T_Acc@5: 0.9121 | V_Loss: 0.0815 V_Acc@1: 0.1653 V_Acc@5: 0.5532 | LR: 1.0e-03
Ep 188 | T_Loss: 0.0163 T_Acc@1: 0.4948 T_Acc@5: 0.9103 | V_Loss: 0.0833 V_Acc@1: 0.1510 V_Acc@5: 0.5567 | LR: 1.0e-03
Ep 189 | T_Loss: 0.0181 T_Acc@1: 0.4629 T_Acc@5: 0.9004 | V_Loss: 0.0832 V_Acc@1: 0.1566 V_Acc@5: 0.5499 | LR: 1.0e-03
Ep 190 | T_Loss: 0.0168 T_Acc@1: 0.4768 T_Acc@5: 0.9121 | V_Loss: 0.0822 V_Acc@1: 0.1426 V_Acc@5: 0.5391 | LR: 1.0e-03
Ep 191 | T_Loss: 0.0160 T_Acc@1: 0.4888 T_Acc@5: 0.9219 | V_Loss: 0.0822 V_Acc@1: 0.1687 V_Acc@5: 0.5485 | LR: 1.0e-03
Ep 192 | T_Loss: 0.0167 T_Acc@1: 0.4870 T_Acc@5: 0.9136 | V_Loss: 0.0843 V_Acc@1: 0.1664 V_Acc@5: 0.5382 | LR: 1.0e-03
Ep 193 | T_Loss: 0.0158 T_Acc@1: 0.4998 T_Acc@5: 0.9166 | V_Loss: 0.0830 V_Acc@1: 0.1684 V_Acc@5: 0.5498 | LR: 1.0e-03
Ep 194 | T_Loss: 0.0165 T_Acc@1: 0.4882 T_Acc@5: 0.9188 | V_Loss: 0.0810 V_Acc@1: 0.1640 V_Acc@5: 0.5413 | LR: 1.0e-03
Ep 195 | T_Loss: 0.0162 T_Acc@1: 0.4981 T_Acc@5: 0.9150 | V_Loss: 0.0825 V_Acc@1: 0.1720 V_Acc@5: 0.5435 | LR: 1.0e-03
Ep 196 | T_Loss: 0.0155 T_Acc@1: 0.5089 T_Acc@5: 0.9169 | V_Loss: 0.0868 V_Acc@1: 0.1640 V_Acc@5: 0.5386 | LR: 1.0e-03
Ep 197 | T_Loss: 0.0159 T_Acc@1: 0.4957 T_Acc@5: 0.9212 | V_Loss: 0.0853 V_Acc@1: 0.1785 V_Acc@5: 0.5487 | LR: 1.0e-03
Ep 198 | T_Loss: 0.0153 T_Acc@1: 0.4994 T_Acc@5: 0.9250 | V_Loss: 0.0774 V_Acc@1: 0.1696 V_Acc@5: 0.5527 | LR: 1.0e-03
Ep 199 | T_Loss: 0.0151 T_Acc@1: 0.5085 T_Acc@5: 0.9266 | V_Loss: 0.0840 V_Acc@1: 0.1506 V_Acc@5: 0.5321 | LR: 1.0e-03
Ep 200 | T_Loss: 0.0146 T_Acc@1: 0.5213 T_Acc@5: 0.9308 | V_Loss: 0.0862 V_Acc@1: 0.1687 V_Acc@5: 0.5448 | LR: 1.0e-03
Ep 201 | T_Loss: 0.0152 T_Acc@1: 0.5040 T_Acc@5: 0.9224 | V_Loss: 0.0851 V_Acc@1: 0.1789 V_Acc@5: 0.5243 | LR: 1.0e-03
Ep 202 | T_Loss: 0.0150 T_Acc@1: 0.5056 T_Acc@5: 0.9286 | V_Loss: 0.0859 V_Acc@1: 0.1506 V_Acc@5: 0.5328 | LR: 1.0e-03
Ep 203 | T_Loss: 0.0137 T_Acc@1: 0.5385 T_Acc@5: 0.9384 | V_Loss: 0.0869 V_Acc@1: 0.1629 V_Acc@5: 0.5424 | LR: 1.0e-03
Ep 204 | T_Loss: 0.0153 T_Acc@1: 0.5058 T_Acc@5: 0.9217 | V_Loss: 0.0876 V_Acc@1: 0.1629 V_Acc@5: 0.5065 | LR: 1.0e-03
Ep 205 | T_Loss: 0.0149 T_Acc@1: 0.5225 T_Acc@5: 0.9248 | V_Loss: 0.0852 V_Acc@1: 0.1599 V_Acc@5: 0.5225 | LR: 1.0e-03
Ep 206 | T_Loss: 0.0149 T_Acc@1: 0.5206 T_Acc@5: 0.9264 | V_Loss: 0.0896 V_Acc@1: 0.1673 V_Acc@5: 0.5292 | LR: 1.0e-03
Ep 207 | T_Loss: 0.0153 T_Acc@1: 0.5144 T_Acc@5: 0.9270 | V_Loss: 0.0853 V_Acc@1: 0.1519 V_Acc@5: 0.5270 | LR: 1.0e-03
Ep 208 | T_Loss: 0.0141 T_Acc@1: 0.5262 T_Acc@5: 0.9290 | V_Loss: 0.0863 V_Acc@1: 0.1564 V_Acc@5: 0.5274 | LR: 1.0e-03
Ep 209 | T_Loss: 0.0138 T_Acc@1: 0.5409 T_Acc@5: 0.9325 | V_Loss: 0.0844 V_Acc@1: 0.1700 V_Acc@5: 0.5439 | LR: 1.0e-03
Ep 210 | T_Loss: 0.0157 T_Acc@1: 0.5102 T_Acc@5: 0.9147 | V_Loss: 0.0878 V_Acc@1: 0.1700 V_Acc@5: 0.5429 | LR: 1.0e-03
Ep 211 | T_Loss: 0.0134 T_Acc@1: 0.5535 T_Acc@5: 0.9384 | V_Loss: 0.0882 V_Acc@1: 0.1668 V_Acc@5: 0.5464 | LR: 1.0e-03
Ep 212 | T_Loss: 0.0128 T_Acc@1: 0.5612 T_Acc@5: 0.9444 | V_Loss: 0.0887 V_Acc@1: 0.1646 V_Acc@5: 0.5524 | LR: 1.0e-03
Ep 213 | T_Loss: 0.0127 T_Acc@1: 0.5646 T_Acc@5: 0.9420 | V_Loss: 0.0873 V_Acc@1: 0.1749 V_Acc@5: 0.5419 | LR: 1.0e-03
Ep 214 | T_Loss: 0.0122 T_Acc@1: 0.5642 T_Acc@5: 0.9478 | V_Loss: 0.0903 V_Acc@1: 0.1758 V_Acc@5: 0.5515 | LR: 1.0e-03
Ep 215 | T_Loss: 0.0131 T_Acc@1: 0.5473 T_Acc@5: 0.9375 | V_Loss: 0.0896 V_Acc@1: 0.1722 V_Acc@5: 0.5299 | LR: 1.0e-03
Ep 216 | T_Loss: 0.0123 T_Acc@1: 0.5753 T_Acc@5: 0.9480 | V_Loss: 0.0847 V_Acc@1: 0.1800 V_Acc@5: 0.5437 | LR: 1.0e-03
Ep 217 | T_Loss: 0.0120 T_Acc@1: 0.5724 T_Acc@5: 0.9490 | V_Loss: 0.0882 V_Acc@1: 0.1665 V_Acc@5: 0.5515 | LR: 1.0e-03
Ep 218 | T_Loss: 0.0130 T_Acc@1: 0.5602 T_Acc@5: 0.9393 | V_Loss: 0.0898 V_Acc@1: 0.1771 V_Acc@5: 0.5199 | LR: 1.0e-03
Ep 219 | T_Loss: 0.0120 T_Acc@1: 0.5784 T_Acc@5: 0.9511 | V_Loss: 0.0885 V_Acc@1: 0.1651 V_Acc@5: 0.5402 | LR: 1.0e-03
Ep 220 | T_Loss: 0.0111 T_Acc@1: 0.5764 T_Acc@5: 0.9571 | V_Loss: 0.0911 V_Acc@1: 0.1677 V_Acc@5: 0.5170 | LR: 1.0e-03
Ep 221 | T_Loss: 0.0114 T_Acc@1: 0.5819 T_Acc@5: 0.9511 | V_Loss: 0.0919 V_Acc@1: 0.1644 V_Acc@5: 0.5368 | LR: 1.0e-03
Ep 222 | T_Loss: 0.0114 T_Acc@1: 0.5853 T_Acc@5: 0.9525 | V_Loss: 0.0869 V_Acc@1: 0.1613 V_Acc@5: 0.5357 | LR: 1.0e-03
Ep 223 | T_Loss: 0.0117 T_Acc@1: 0.5750 T_Acc@5: 0.9480 | V_Loss: 0.0885 V_Acc@1: 0.1746 V_Acc@5: 0.5478 | LR: 1.0e-03
Ep 224 | T_Loss: 0.0114 T_Acc@1: 0.5904 T_Acc@5: 0.9534 | V_Loss: 0.0890 V_Acc@1: 0.1693 V_Acc@5: 0.5250 | LR: 1.0e-03
Ep 225 | T_Loss: 0.0111 T_Acc@1: 0.5812 T_Acc@5: 0.9536 | V_Loss: 0.0891 V_Acc@1: 0.1802 V_Acc@5: 0.5225 | LR: 1.0e-03
Ep 226 | T_Loss: 0.0107 T_Acc@1: 0.5947 T_Acc@5: 0.9583 | V_Loss: 0.0867 V_Acc@1: 0.1615 V_Acc@5: 0.5464 | LR: 1.0e-03
Ep 227 | T_Loss: 0.0110 T_Acc@1: 0.5937 T_Acc@5: 0.9556 | V_Loss: 0.0919 V_Acc@1: 0.1626 V_Acc@5: 0.5490 | LR: 1.0e-03
Ep 228 | T_Loss: 0.0104 T_Acc@1: 0.5949 T_Acc@5: 0.9629 | V_Loss: 0.0924 V_Acc@1: 0.1722 V_Acc@5: 0.5562 | LR: 1.0e-03
Ep 229 | T_Loss: 0.0104 T_Acc@1: 0.6153 T_Acc@5: 0.9614 | V_Loss: 0.0963 V_Acc@1: 0.1590 V_Acc@5: 0.5335 | LR: 1.0e-03
Ep 230 | T_Loss: 0.0122 T_Acc@1: 0.5694 T_Acc@5: 0.9433 | V_Loss: 0.0949 V_Acc@1: 0.1657 V_Acc@5: 0.5393 | LR: 1.0e-03
Ep 231 | T_Loss: 0.0120 T_Acc@1: 0.5892 T_Acc@5: 0.9480 | V_Loss: 0.0874 V_Acc@1: 0.1787 V_Acc@5: 0.5317 | LR: 1.0e-03
Ep 232 | T_Loss: 0.0111 T_Acc@1: 0.5917 T_Acc@5: 0.9563 | V_Loss: 0.0968 V_Acc@1: 0.1778 V_Acc@5: 0.5241 | LR: 1.0e-03
Ep 233 | T_Loss: 0.0105 T_Acc@1: 0.6045 T_Acc@5: 0.9570 | V_Loss: 0.0907 V_Acc@1: 0.1689 V_Acc@5: 0.5265 | LR: 1.0e-03
Ep 234 | T_Loss: 0.0108 T_Acc@1: 0.5945 T_Acc@5: 0.9587 | V_Loss: 0.0935 V_Acc@1: 0.1715 V_Acc@5: 0.5350 | LR: 1.0e-03
Ep 235 | T_Loss: 0.0103 T_Acc@1: 0.6102 T_Acc@5: 0.9625 | V_Loss: 0.0897 V_Acc@1: 0.1802 V_Acc@5: 0.5292 | LR: 1.0e-03
Ep 236 | T_Loss: 0.0105 T_Acc@1: 0.6079 T_Acc@5: 0.9581 | V_Loss: 0.0948 V_Acc@1: 0.1622 V_Acc@5: 0.5288 | LR: 1.0e-03
Ep 237 | T_Loss: 0.0104 T_Acc@1: 0.6078 T_Acc@5: 0.9596 | V_Loss: 0.0879 V_Acc@1: 0.1830 V_Acc@5: 0.5456 | LR: 1.0e-03
Ep 238 | T_Loss: 0.0103 T_Acc@1: 0.6170 T_Acc@5: 0.9610 | V_Loss: 0.0901 V_Acc@1: 0.1677 V_Acc@5: 0.5370 | LR: 1.0e-03
Ep 239 | T_Loss: 0.0105 T_Acc@1: 0.6099 T_Acc@5: 0.9565 | V_Loss: 0.0888 V_Acc@1: 0.1631 V_Acc@5: 0.5382 | LR: 1.0e-03
Ep 240 | T_Loss: 0.0099 T_Acc@1: 0.6106 T_Acc@5: 0.9654 | V_Loss: 0.0917 V_Acc@1: 0.1642 V_Acc@5: 0.5292 | LR: 1.0e-03
Ep 241 | T_Loss: 0.0095 T_Acc@1: 0.6343 T_Acc@5: 0.9650 | V_Loss: 0.0904 V_Acc@1: 0.1787 V_Acc@5: 0.5341 | LR: 1.0e-03
Ep 242 | T_Loss: 0.0092 T_Acc@1: 0.6296 T_Acc@5: 0.9681 | V_Loss: 0.0942 V_Acc@1: 0.1694 V_Acc@5: 0.5236 | LR: 1.0e-03
Ep 243 | T_Loss: 0.0095 T_Acc@1: 0.6354 T_Acc@5: 0.9690 | V_Loss: 0.0917 V_Acc@1: 0.1726 V_Acc@5: 0.5455 | LR: 1.0e-03
Ep 244 | T_Loss: 0.0096 T_Acc@1: 0.6336 T_Acc@5: 0.9683 | V_Loss: 0.0904 V_Acc@1: 0.1564 V_Acc@5: 0.5413 | LR: 1.0e-03
Ep 245 | T_Loss: 0.0103 T_Acc@1: 0.6178 T_Acc@5: 0.9607 | V_Loss: 0.0912 V_Acc@1: 0.1655 V_Acc@5: 0.5341 | LR: 1.0e-03
Ep 246 | T_Loss: 0.0095 T_Acc@1: 0.6379 T_Acc@5: 0.9701 | V_Loss: 0.0939 V_Acc@1: 0.1646 V_Acc@5: 0.5177 | LR: 1.0e-03
Ep 247 | T_Loss: 0.0096 T_Acc@1: 0.6359 T_Acc@5: 0.9699 | V_Loss: 0.0903 V_Acc@1: 0.1728 V_Acc@5: 0.5273 | LR: 1.0e-03
Ep 248 | T_Loss: 0.0091 T_Acc@1: 0.6559 T_Acc@5: 0.9694 | V_Loss: 0.0869 V_Acc@1: 0.1664 V_Acc@5: 0.5288 | LR: 1.0e-03
Ep 249 | T_Loss: 0.0092 T_Acc@1: 0.6472 T_Acc@5: 0.9646 | V_Loss: 0.0874 V_Acc@1: 0.1519 V_Acc@5: 0.5355 | LR: 1.0e-03
Ep 250 | T_Loss: 0.0086 T_Acc@1: 0.6568 T_Acc@5: 0.9728 | V_Loss: 0.0971 V_Acc@1: 0.1704 V_Acc@5: 0.5402 | LR: 1.0e-03
Ep 251 | T_Loss: 0.0097 T_Acc@1: 0.6258 T_Acc@5: 0.9670 | V_Loss: 0.0836 V_Acc@1: 0.1637 V_Acc@5: 0.5372 | LR: 1.0e-03
Ep 252 | T_Loss: 0.0093 T_Acc@1: 0.6435 T_Acc@5: 0.9632 | V_Loss: 0.0946 V_Acc@1: 0.1739 V_Acc@5: 0.5444 | LR: 1.0e-03
Ep 253 | T_Loss: 0.0091 T_Acc@1: 0.6463 T_Acc@5: 0.9712 | V_Loss: 0.0919 V_Acc@1: 0.1719 V_Acc@5: 0.5169 | LR: 1.0e-03
Ep 254 | T_Loss: 0.0088 T_Acc@1: 0.6537 T_Acc@5: 0.9739 | V_Loss: 0.0928 V_Acc@1: 0.1786 V_Acc@5: 0.5540 | LR: 1.0e-03
Ep 255 | T_Loss: 0.0083 T_Acc@1: 0.6718 T_Acc@5: 0.9737 | V_Loss: 0.0998 V_Acc@1: 0.1642 V_Acc@5: 0.5221 | LR: 1.0e-03
Ep 256 | T_Loss: 0.0089 T_Acc@1: 0.6563 T_Acc@5: 0.9688 | V_Loss: 0.0916 V_Acc@1: 0.1689 V_Acc@5: 0.5439 | LR: 1.0e-03
Ep 257 | T_Loss: 0.0087 T_Acc@1: 0.6501 T_Acc@5: 0.9710 | V_Loss: 0.0988 V_Acc@1: 0.1693 V_Acc@5: 0.5167 | LR: 1.0e-03
Ep 258 | T_Loss: 0.0086 T_Acc@1: 0.6634 T_Acc@5: 0.9761 | V_Loss: 0.0875 V_Acc@1: 0.1644 V_Acc@5: 0.5207 | LR: 1.0e-03
Ep 259 | T_Loss: 0.0105 T_Acc@1: 0.6152 T_Acc@5: 0.9607 | V_Loss: 0.0928 V_Acc@1: 0.1730 V_Acc@5: 0.5296 | LR: 1.0e-03
Ep 260 | T_Loss: 0.0077 T_Acc@1: 0.6807 T_Acc@5: 0.9786 | V_Loss: 0.0947 V_Acc@1: 0.1793 V_Acc@5: 0.5305 | LR: 1.0e-03
Ep 261 | T_Loss: 0.0083 T_Acc@1: 0.6657 T_Acc@5: 0.9770 | V_Loss: 0.0937 V_Acc@1: 0.1677 V_Acc@5: 0.5241 | LR: 1.0e-03
Ep 262 | T_Loss: 0.0085 T_Acc@1: 0.6679 T_Acc@5: 0.9701 | V_Loss: 0.0915 V_Acc@1: 0.1780 V_Acc@5: 0.5298 | LR: 1.0e-03
Ep 263 | T_Loss: 0.0088 T_Acc@1: 0.6517 T_Acc@5: 0.9717 | V_Loss: 0.0910 V_Acc@1: 0.1739 V_Acc@5: 0.5375 | LR: 1.0e-03
Ep 264 | T_Loss: 0.0081 T_Acc@1: 0.6659 T_Acc@5: 0.9763 | V_Loss: 0.0912 V_Acc@1: 0.1653 V_Acc@5: 0.5379 | LR: 1.0e-03
Ep 265 | T_Loss: 0.0080 T_Acc@1: 0.6773 T_Acc@5: 0.9768 | V_Loss: 0.0947 V_Acc@1: 0.1719 V_Acc@5: 0.5257 | LR: 1.0e-03
Ep 266 | T_Loss: 0.0085 T_Acc@1: 0.6644 T_Acc@5: 0.9732 | V_Loss: 0.0894 V_Acc@1: 0.1735 V_Acc@5: 0.5357 | LR: 1.0e-03
Ep 267 | T_Loss: 0.0092 T_Acc@1: 0.6422 T_Acc@5: 0.9699 | V_Loss: 0.0952 V_Acc@1: 0.1764 V_Acc@5: 0.5328 | LR: 1.0e-03
Ep 268 | T_Loss: 0.0085 T_Acc@1: 0.6676 T_Acc@5: 0.9701 | V_Loss: 0.0902 V_Acc@1: 0.1786 V_Acc@5: 0.5352 | LR: 1.0e-03
Ep 269 | T_Loss: 0.0071 T_Acc@1: 0.7001 T_Acc@5: 0.9795 | V_Loss: 0.0941 V_Acc@1: 0.1862 V_Acc@5: 0.5230 | LR: 1.0e-03
Ep 270 | T_Loss: 0.0073 T_Acc@1: 0.6899 T_Acc@5: 0.9768 | V_Loss: 0.0906 V_Acc@1: 0.1735 V_Acc@5: 0.5214 | LR: 1.0e-03
Ep 271 | T_Loss: 0.0079 T_Acc@1: 0.6839 T_Acc@5: 0.9732 | V_Loss: 0.0985 V_Acc@1: 0.1741 V_Acc@5: 0.5092 | LR: 1.0e-03
Ep 272 | T_Loss: 0.0072 T_Acc@1: 0.6901 T_Acc@5: 0.9790 | V_Loss: 0.0900 V_Acc@1: 0.1815 V_Acc@5: 0.5350 | LR: 1.0e-03
Ep 273 | T_Loss: 0.0084 T_Acc@1: 0.6726 T_Acc@5: 0.9759 | V_Loss: 0.0875 V_Acc@1: 0.1749 V_Acc@5: 0.5441 | LR: 1.0e-03
Ep 274 | T_Loss: 0.0085 T_Acc@1: 0.6638 T_Acc@5: 0.9730 | V_Loss: 0.0950 V_Acc@1: 0.1780 V_Acc@5: 0.5294 | LR: 1.0e-03
Ep 275 | T_Loss: 0.0080 T_Acc@1: 0.6734 T_Acc@5: 0.9764 | V_Loss: 0.0936 V_Acc@1: 0.1693 V_Acc@5: 0.5319 | LR: 1.0e-03
Ep 276 | T_Loss: 0.0072 T_Acc@1: 0.6999 T_Acc@5: 0.9790 | V_Loss: 0.0958 V_Acc@1: 0.1869 V_Acc@5: 0.5346 | LR: 1.0e-03
Ep 277 | T_Loss: 0.0071 T_Acc@1: 0.7066 T_Acc@5: 0.9764 | V_Loss: 0.0947 V_Acc@1: 0.1735 V_Acc@5: 0.5268 | LR: 1.0e-03
Ep 278 | T_Loss: 0.0071 T_Acc@1: 0.7002 T_Acc@5: 0.9795 | V_Loss: 0.0961 V_Acc@1: 0.1746 V_Acc@5: 0.5357 | LR: 1.0e-03
Ep 279 | T_Loss: 0.0075 T_Acc@1: 0.6986 T_Acc@5: 0.9775 | V_Loss: 0.0904 V_Acc@1: 0.1925 V_Acc@5: 0.5368 | LR: 1.0e-03
Ep 280 | T_Loss: 0.0079 T_Acc@1: 0.6744 T_Acc@5: 0.9757 | V_Loss: 0.0907 V_Acc@1: 0.1691 V_Acc@5: 0.5184 | LR: 1.0e-03
Ep 281 | T_Loss: 0.0070 T_Acc@1: 0.6930 T_Acc@5: 0.9833 | V_Loss: 0.1000 V_Acc@1: 0.1664 V_Acc@5: 0.5188 | LR: 1.0e-03
Ep 282 | T_Loss: 0.0070 T_Acc@1: 0.7021 T_Acc@5: 0.9815 | V_Loss: 0.0986 V_Acc@1: 0.1689 V_Acc@5: 0.5134 | LR: 1.0e-03
Ep 283 | T_Loss: 0.0073 T_Acc@1: 0.6900 T_Acc@5: 0.9763 | V_Loss: 0.0910 V_Acc@1: 0.1637 V_Acc@5: 0.5174 | LR: 1.0e-03
Ep 284 | T_Loss: 0.0064 T_Acc@1: 0.7115 T_Acc@5: 0.9846 | V_Loss: 0.0953 V_Acc@1: 0.1896 V_Acc@5: 0.5132 | LR: 1.0e-03
Ep 285 | T_Loss: 0.0075 T_Acc@1: 0.6968 T_Acc@5: 0.9792 | V_Loss: 0.0935 V_Acc@1: 0.1722 V_Acc@5: 0.5382 | LR: 1.0e-03
Ep 286 | T_Loss: 0.0069 T_Acc@1: 0.7187 T_Acc@5: 0.9828 | V_Loss: 0.0951 V_Acc@1: 0.1795 V_Acc@5: 0.5330 | LR: 1.0e-03
Ep 287 | T_Loss: 0.0075 T_Acc@1: 0.6918 T_Acc@5: 0.9792 | V_Loss: 0.0932 V_Acc@1: 0.1885 V_Acc@5: 0.5465 | LR: 1.0e-03
Ep 288 | T_Loss: 0.0067 T_Acc@1: 0.7132 T_Acc@5: 0.9835 | V_Loss: 0.1020 V_Acc@1: 0.1702 V_Acc@5: 0.5469 | LR: 1.0e-03
Ep 289 | T_Loss: 0.0070 T_Acc@1: 0.6982 T_Acc@5: 0.9779 | V_Loss: 0.0916 V_Acc@1: 0.1896 V_Acc@5: 0.5382 | LR: 1.0e-03
Ep 290 | T_Loss: 0.0069 T_Acc@1: 0.7097 T_Acc@5: 0.9768 | V_Loss: 0.0935 V_Acc@1: 0.1693 V_Acc@5: 0.5259 | LR: 1.0e-03
Ep 291 | T_Loss: 0.0061 T_Acc@1: 0.7409 T_Acc@5: 0.9855 | V_Loss: 0.0917 V_Acc@1: 0.1873 V_Acc@5: 0.5230 | LR: 1.0e-03
Ep 292 | T_Loss: 0.0067 T_Acc@1: 0.7139 T_Acc@5: 0.9815 | V_Loss: 0.0903 V_Acc@1: 0.1825 V_Acc@5: 0.5312 | LR: 1.0e-03
Ep 293 | T_Loss: 0.0064 T_Acc@1: 0.7222 T_Acc@5: 0.9846 | V_Loss: 0.0984 V_Acc@1: 0.1775 V_Acc@5: 0.5484 | LR: 1.0e-03
Ep 294 | T_Loss: 0.0069 T_Acc@1: 0.7220 T_Acc@5: 0.9804 | V_Loss: 0.0972 V_Acc@1: 0.1637 V_Acc@5: 0.5370 | LR: 1.0e-03
Ep 295 | T_Loss: 0.0072 T_Acc@1: 0.7020 T_Acc@5: 0.9799 | V_Loss: 0.0909 V_Acc@1: 0.1924 V_Acc@5: 0.5368 | LR: 1.0e-03
Ep 296 | T_Loss: 0.0061 T_Acc@1: 0.7347 T_Acc@5: 0.9850 | V_Loss: 0.0985 V_Acc@1: 0.1697 V_Acc@5: 0.5230 | LR: 1.0e-03
Ep 297 | T_Loss: 0.0059 T_Acc@1: 0.7355 T_Acc@5: 0.9866 | V_Loss: 0.1004 V_Acc@1: 0.1951 V_Acc@5: 0.5181 | LR: 1.0e-03
Ep 298 | T_Loss: 0.0069 T_Acc@1: 0.7060 T_Acc@5: 0.9801 | V_Loss: 0.0957 V_Acc@1: 0.1918 V_Acc@5: 0.5324 | LR: 1.0e-03
Ep 299 | T_Loss: 0.0073 T_Acc@1: 0.6967 T_Acc@5: 0.9754 | V_Loss: 0.0921 V_Acc@1: 0.1798 V_Acc@5: 0.5266 | LR: 1.0e-03
Ep 300 | T_Loss: 0.0061 T_Acc@1: 0.7281 T_Acc@5: 0.9839 | V_Loss: 0.0960 V_Acc@1: 0.1702 V_Acc@5: 0.5246 | LR: 1.0e-03